

================================================================
== Vivado HLS Report for 'backsub'
================================================================
* Date:           Sun Nov 19 18:26:43 2017

* Version:        2014.4 (Build 1071461 on Tue Nov 18 16:42:57 PM 2014)
* Project:        Background_Subtraction_with_GMM
* Solution:       solution1
* Product family: zynq
* Target device:  xc7z020clg484-1


================================================================
== Performance Estimates
================================================================
+ Timing (ns): 
    * Summary: 
    +---------+-------+----------+------------+
    |  Clock  | Target| Estimated| Uncertainty|
    +---------+-------+----------+------------+
    |default  |  10.00|      8.46|        1.25|
    +---------+-------+----------+------------+

+ Latency (clock cycles): 
    * Summary: 
    +-----+-----+-----+-----+---------+
    |  Latency  |  Interval | Pipeline|
    | min | max | min | max |   Type  |
    +-----+-----+-----+-----+---------+
    |    ?|    ?|    ?|    ?|   none  |
    +-----+-----+-----+-----+---------+

    + Detail: 
        * Instance: 
        +----------------------------+-----------------+-----+-----+-----+-----+---------+
        |                            |                 |  Latency  |  Interval | Pipeline|
        |          Instance          |      Module     | min | max | min | max |   Type  |
        +----------------------------+-----------------+-----+-----+-----+-----+---------+
        |grp_backsub_EM_ALGO_fu_435  |backsub_EM_ALGO  |    ?|    ?|    ?|    ?|   none  |
        +----------------------------+-----------------+-----+-----+-----+-----+---------+

        * Loop: 
        +-------------+--------+--------+----------+-----------+-----------+-------+----------+
        |             |     Latency     | Iteration|  Initiation Interval  |  Trip |          |
        |  Loop Name  |   min  |   max  |  Latency |  achieved |   target  | Count | Pipelined|
        +-------------+--------+--------+----------+-----------+-----------+-------+----------+
        |- Loop 1     |  153600|  153600|         2|          -|          -|  76800|    no    |
        |- Loop 2     |       ?|       ?|         ?|          -|          -|    240|    no    |
        | + Loop 2.1  |       ?|       ?|         ?|          -|          -|    160|    no    |
        |- Loop 3     |       ?|       ?|         ?|          -|          -|    240|    no    |
        | + Loop 3.1  |       ?|       ?|         ?|          -|          -|    160|    no    |
        +-------------+--------+--------+----------+-----------+-----------+-------+----------+



================================================================
== Utilization Estimates
================================================================
* Summary: 
+-----------------+---------+-------+--------+-------+
|       Name      | BRAM_18K| DSP48E|   FF   |  LUT  |
+-----------------+---------+-------+--------+-------+
|Expression       |        -|      -|       0|    286|
|FIFO             |        -|      -|       -|      -|
|Instance         |        0|     18|    6845|  13266|
|Memory           |     1995|      -|       0|      0|
|Multiplexer      |        -|      -|       -|    457|
|Register         |        -|      -|     274|      -|
+-----------------+---------+-------+--------+-------+
|Total            |     1995|     18|    7119|  14009|
+-----------------+---------+-------+--------+-------+
|Available        |      280|    220|  106400|  53200|
+-----------------+---------+-------+--------+-------+
|Utilization (%)  |      712|      8|       6|     26|
+-----------------+---------+-------+--------+-------+

+ Detail: 
    * Instance: 
    +----------------------------+-----------------+---------+-------+------+-------+
    |          Instance          |      Module     | BRAM_18K| DSP48E|  FF  |  LUT  |
    +----------------------------+-----------------+---------+-------+------+-------+
    |grp_backsub_EM_ALGO_fu_435  |backsub_EM_ALGO  |        0|     18|  6845|  13266|
    +----------------------------+-----------------+---------+-------+------+-------+
    |Total                       |                 |        0|     18|  6845|  13266|
    +----------------------------+-----------------+---------+-------+------+-------+

    * Memory: 
    +--------------+--------------------+---------+---+----+--------+-----+------+-------------+
    |    Memory    |       Module       | BRAM_18K| FF| LUT|  Words | Bits| Banks| W*Bits*Banks|
    +--------------+--------------------+---------+---+----+--------+-----+------+-------------+
    |back_gauss_U  |backsub_back_gauss  |       19|  0|   0|  307200|    1|     1|       307200|
    |matchsum_U    |backsub_matchsum    |      152|  0|   0|  307200|    8|     1|      2457600|
    |mean_U        |backsub_mean        |      608|  0|   0|  307200|   32|     1|      9830400|
    |sigma_U       |backsub_mean        |      608|  0|   0|  307200|   32|     1|      9830400|
    |weight_U      |backsub_mean        |      608|  0|   0|  307200|   32|     1|      9830400|
    +--------------+--------------------+---------+---+----+--------+-----+------+-------------+
    |Total         |                    |     1995|  0|   0| 1536000|  105|     5|     32256000|
    +--------------+--------------------+---------+---+----+--------+-----+------+-------------+

    * FIFO: 
    N/A

    * Expression: 
    +---------------------+----------+-------+---+----+------------+------------+
    |    Variable Name    | Operation| DSP48E| FF| LUT| Bitwidth P0| Bitwidth P1|
    +---------------------+----------+-------+---+----+------------+------------+
    |i_1_fu_594_p2        |     +    |      0|  0|  17|          17|           1|
    |i_2_fu_551_p2        |     +    |      0|  0|  16|          16|          16|
    |i_3_fu_752_p2        |     +    |      0|  0|  16|          16|          16|
    |idxCols_1_fu_545_p2  |     +    |      0|  0|   8|           8|           1|
    |idxCols_2_fu_746_p2  |     +    |      0|  0|   8|           8|           1|
    |idxRow_1_fu_489_p2   |     +    |      0|  0|   8|           8|           1|
    |idxRow_2_fu_690_p2   |     +    |      0|  0|   8|           8|           1|
    |tmp_2_fu_519_p2      |     +    |      0|  0|  17|          17|          17|
    |tmp_4_fu_720_p2      |     +    |      0|  0|  17|          17|          17|
    |out_frame_d0         |  Select  |      0|  0|   2|           1|           2|
    |exitcond1_fu_483_p2  |   icmp   |      0|  0|   8|           8|           6|
    |exitcond2_fu_740_p2  |   icmp   |      0|  0|   8|           8|           8|
    |exitcond3_fu_684_p2  |   icmp   |      0|  0|   8|           8|           6|
    |exitcond4_fu_588_p2  |   icmp   |      0|  0|  21|          17|          17|
    |exitcond_fu_539_p2   |   icmp   |      0|  0|   8|           8|           8|
    |tmp_11_fu_617_p2     |    or    |      0|  0|  24|          19|           1|
    |tmp_12_fu_578_p2     |    or    |      0|  0|  22|          17|           1|
    |tmp_14_fu_779_p2     |    or    |      0|  0|  22|          17|           1|
    |tmp_19_fu_640_p2     |    or    |      0|  0|  24|          19|           2|
    |tmp_21_fu_662_p2     |    or    |      0|  0|  24|          19|           2|
    +---------------------+----------+-------+---+----+------------+------------+
    |Total                |          |      0|  0| 286|         256|         125|
    +---------------------+----------+-------+---+----+------------+------------+

    * Multiplexer: 
    +----------------------------------+----+-----------+-----+-----------+
    |               Name               | LUT| Input Size| Bits| Total Bits|
    +----------------------------------+----+-----------+-----+-----------+
    |ap_NS_fsm                         |  10|         16|    1|         16|
    |back_gauss_address0               |  19|          4|   19|         76|
    |back_gauss_address1               |  19|          4|   19|         76|
    |back_gauss_ce0                    |   1|          3|    1|          3|
    |back_gauss_ce1                    |   1|          3|    1|          3|
    |back_gauss_d0                     |   1|          3|    1|          3|
    |back_gauss_d1                     |   1|          3|    1|          3|
    |back_gauss_we0                    |   1|          3|    1|          3|
    |back_gauss_we1                    |   1|          3|    1|          3|
    |data_array_address0               |  16|          3|   16|         48|
    |grp_backsub_EM_ALGO_fu_435_pixel  |   8|          4|    8|         32|
    |grp_backsub_EM_ALGO_fu_435_pos_r  |  17|          5|   17|         85|
    |i_reg_401                         |  17|          2|   17|         34|
    |idxCols3_reg_390                  |   8|          2|    8|         16|
    |idxCols_reg_423                   |   8|          2|    8|         16|
    |idxRow2_reg_379                   |   8|          2|    8|         16|
    |idxRow_reg_412                    |   8|          2|    8|         16|
    |matchsum_address0                 |  19|          4|   19|         76|
    |matchsum_address1                 |  19|          3|   19|         57|
    |matchsum_ce0                      |   1|          3|    1|          3|
    |matchsum_d0                       |   8|          3|    8|         24|
    |matchsum_we0                      |   1|          3|    1|          3|
    |mean_address0                     |  19|          4|   19|         76|
    |mean_address1                     |  19|          3|   19|         57|
    |mean_ce0                          |   1|          3|    1|          3|
    |mean_d0                           |  32|          4|   32|        128|
    |mean_d1                           |  32|          3|   32|         96|
    |mean_we0                          |   1|          3|    1|          3|
    |out_frame_address0                |  17|          5|   17|         85|
    |sigma_address0                    |  19|          4|   19|         76|
    |sigma_address1                    |  19|          3|   19|         57|
    |sigma_ce0                         |   1|          3|    1|          3|
    |sigma_d0                          |  32|          3|   32|         96|
    |sigma_we0                         |   1|          3|    1|          3|
    |weight_address0                   |  19|          4|   19|         76|
    |weight_address1                   |  19|          3|   19|         57|
    |weight_ce0                        |   1|          3|    1|          3|
    |weight_d0                         |  32|          3|   32|         96|
    |weight_we0                        |   1|          3|    1|          3|
    +----------------------------------+----+-----------+-----+-----------+
    |Total                             | 457|        137|  448|       1530|
    +----------------------------------+----+-----------+-----+-----------+

    * Register: 
    +--------------------------------------------------+----+----+-----+-----------+
    |                       Name                       | FF | LUT| Bits| Const Bits|
    +--------------------------------------------------+----+----+-----+-----------+
    |ap_CS_fsm                                         |  15|   0|   15|          0|
    |exitcond1_reg_793                                 |   1|   0|    1|          0|
    |grp_backsub_EM_ALGO_fu_435_ap_start_ap_start_reg  |   1|   0|    1|          0|
    |i_1_reg_846                                       |  17|   0|   17|          0|
    |i_2_reg_815                                       |  16|   0|   16|          0|
    |i_3_reg_878                                       |  16|   0|   16|          0|
    |i_reg_401                                         |  17|   0|   17|          0|
    |idxCols3_reg_390                                  |   8|   0|    8|          0|
    |idxCols_1_reg_810                                 |   8|   0|    8|          0|
    |idxCols_2_reg_873                                 |   8|   0|    8|          0|
    |idxCols_reg_423                                   |   8|   0|    8|          0|
    |idxRow2_reg_379                                   |   8|   0|    8|          0|
    |idxRow_1_reg_797                                  |   8|   0|    8|          0|
    |idxRow_2_reg_860                                  |   8|   0|    8|          0|
    |idxRow_reg_412                                    |   8|   0|    8|          0|
    |p_lshr_f1_cast_reg_802                            |  11|   0|   16|          5|
    |p_lshr_f_cast_reg_865                             |  11|   0|   16|          5|
    |pix_y1_1_reg_888                                  |   8|   0|    8|          0|
    |pix_y1_reg_825                                    |   8|   0|    8|          0|
    |reg_478                                           |   8|   0|    8|          0|
    |tmp_12_reg_837                                    |  16|   0|   17|          1|
    |tmp_14_reg_900                                    |  16|   0|   17|          1|
    |tmp_5_reg_893                                     |  16|   0|   17|          1|
    |tmp_8_reg_830                                     |  16|   0|   17|          1|
    |tmp_reg_851                                       |  17|   0|   19|          2|
    +--------------------------------------------------+----+----+-----+-----------+
    |Total                                             | 274|   0|  290|         16|
    +--------------------------------------------------+----+----+-----+-----------+



================================================================
== Interface
================================================================
* Summary: 
+---------------------+-----+-----+------------+--------------+--------------+
|      RTL Ports      | Dir | Bits|  Protocol  | Source Object|    C Type    |
+---------------------+-----+-----+------------+--------------+--------------+
|ap_clk               |  in |    1| ap_ctrl_hs |    backsub   | return value |
|ap_rst               |  in |    1| ap_ctrl_hs |    backsub   | return value |
|ap_start             |  in |    1| ap_ctrl_hs |    backsub   | return value |
|ap_done              | out |    1| ap_ctrl_hs |    backsub   | return value |
|ap_idle              | out |    1| ap_ctrl_hs |    backsub   | return value |
|ap_ready             | out |    1| ap_ctrl_hs |    backsub   | return value |
|ap_return            | out |   32| ap_ctrl_hs |    backsub   | return value |
|data_array_address0  | out |   16|  ap_memory |  data_array  |     array    |
|data_array_ce0       | out |    1|  ap_memory |  data_array  |     array    |
|data_array_q0        |  in |   32|  ap_memory |  data_array  |     array    |
|out_frame_address0   | out |   17|  ap_memory |   out_frame  |     array    |
|out_frame_ce0        | out |    1|  ap_memory |   out_frame  |     array    |
|out_frame_we0        | out |    1|  ap_memory |   out_frame  |     array    |
|out_frame_d0         | out |    8|  ap_memory |   out_frame  |     array    |
|init                 |  in |    1|   ap_none  |     init     |    scalar    |
+---------------------+-----+-----+------------+--------------+--------------+

